Building wheel (uv build backend)...
Successfully built /tmp/tmp.KKt8py52be/wheels/equivariant_linear_attention-0.1.0-py3-none-any.whl
Using CPython 3.12.12 interpreter at: .venv/bin/python3
Creating virtual environment at: /tmp/tmp.KKt8py52be/venv
Activate with: source /tmp/tmp.KKt8py52be/venv/bin/activate
Using Python 3.12.12 environment at: /tmp/tmp.KKt8py52be/venv
Resolved 1 package in 0.99ms
Prepared 1 package in 3ms
Installed 1 package in 0.35ms
 + equivariant-linear-attention==0.1.0 (from file:///tmp/tmp.KKt8py52be/wheels/equivariant_linear_attention-0.1.0-py3-none-any.whl)
wheel smoke: ok
All checks passed!
.................................sss.................................... [ 18%]
........................................................................ [ 36%]
.........................sssss.......................................... [ 55%]
......s...................................sssssssssssssss............... [ 73%]
..............................................................sss....... [ 92%]
................s..............                                          [100%]
=============================== warnings summary ===============================
tests/test_inference.py: 14 warnings
  /home/jaemin/project/layer/equivariant-attention/.venv/lib/python3.12/site-packages/torch/jit/_script.py:365: DeprecationWarning: `torch.jit.script_method` is deprecated. Please switch to `torch.compile` or `torch.export`.
    warnings.warn(

-- Docs: https://docs.pytest.org/en/stable/how-to/capture-warnings.html
================================ tests coverage ================================
_______________ coverage: platform linux, python 3.12.12-final-0 _______________

Name                                                     Stmts   Miss   Cover   Missing
---------------------------------------------------------------------------------------
src/equivariant_linear_attention/__init__.py                 3      0 100.00%
src/equivariant_linear_attention/advanced.py                 5      0 100.00%
src/equivariant_linear_attention/api.py                    167     13  92.22%   57, 133, 149, 151, 154, 168, 195, 203, 205, 225, 272, 285, 303
src/equivariant_linear_attention/batch.py                  222     68  69.37%   17-19, 29-31, 40, 42, 45, 47, 49, 53, 74, 76, 78, 80, 83, 95, 137, 139, 143, 145, 147, 149, 151, 162, 164, 166, 169, 171, 173, 192, 194, 200, 205, 213, 217, 219, 225, 227, 233, 235, 237, 242, 247, 268, 273, 287, 307, 327, 329, 336, 343-346, 361-378, 419-427
src/equivariant_linear_attention/context.py                157     43  72.61%   34, 36, 78, 81-84, 101, 116, 124-125, 159, 161, 173, 191, 194, 199, 201, 203, 205-213, 215-224, 227, 229, 231, 240-250, 256
src/equivariant_linear_attention/geometry/__init__.py        1      0 100.00%
src/equivariant_linear_attention/geometry/layout.py        405     73  81.98%   40, 66, 68, 78, 231, 244, 304, 383, 388, 392, 410, 412-413, 416, 418, 420, 422, 425, 427, 433, 439, 444, 446, 448, 450, 462, 470, 473, 478, 484, 486, 488, 493, 498, 500, 503, 506, 515, 517, 519, 521, 526, 531, 559, 563, 570, 579, 584, 586, 588, 590, 602, 660-667, 730, 787, 789, 803, 805, 807, 810, 884, 896, 927-933
src/equivariant_linear_attention/geometry/neighbors.py     398    100  74.87%   58, 61, 63, 65, 67, 69, 71, 73, 75, 77, 79, 89-90, 96, 105, 108, 110, 114, 118, 122, 126, 129, 131, 133, 135, 137, 139, 143, 145, 147, 153, 165, 193, 200, 204, 208, 215, 219, 221, 223, 226, 231, 233, 235, 237, 239, 241, 243, 245, 247, 274, 276, 279, 281, 283, 285, 287, 289, 292, 294, 299, 301, 398, 412-416, 438, 494, 503, 505, 507, 511, 517, 611, 613, 615, 617, 620, 622, 624, 626, 678, 680, 771, 789, 791, 793, 795, 797, 854, 867, 909, 911, 913, 950, 952, 962, 970
src/equivariant_linear_attention/geometry/prepared.py      183     42  77.05%   44, 46, 52, 58, 60, 63, 68, 70, 76, 79, 88, 120, 134, 152, 158, 160, 175-176, 201, 203, 205, 207, 209, 211, 214, 216, 218, 220, 222-225, 270, 273-275, 294, 296, 298, 300, 302, 336
src/equivariant_linear_attention/geometry/radius.py        358     44  87.71%   26, 31, 33, 36, 38, 40, 46, 58, 68, 70, 73, 75, 77, 129, 161-162, 216, 251-252, 262, 321, 350-351, 382-383, 411, 439, 466, 495-496, 535, 537, 539, 541, 544, 550, 552, 555, 557, 560, 568, 668-669, 727
src/equivariant_linear_attention/graph.py                  518     91  82.43%   25, 37, 41, 54, 56-57, 59, 61, 78, 82, 107, 109, 111, 117, 131, 135, 137, 140, 145, 147, 149, 158, 167-169, 199, 201, 297, 300, 302, 329, 331, 333, 335, 339, 342, 353, 369, 371, 393, 395, 397, 401, 403, 409, 415, 423, 426, 431, 435-442, 477, 503, 543, 552, 557, 566, 595, 622-624, 643, 648, 670, 722, 726, 739, 801-830, 837, 839, 842, 844, 852, 882, 903, 920, 931, 951, 976, 991
src/equivariant_linear_attention/inference.py               95      3  96.84%   53-54, 84
src/equivariant_linear_attention/irreps.py                 308     33  89.29%   33, 36, 41, 66, 85-86, 88, 104, 117, 148-149, 174, 194, 198, 205, 211, 220, 247, 264, 285, 288, 333, 369, 371, 375, 385, 387, 487, 490, 497, 502, 504, 517
src/equivariant_linear_attention/kernels/__init__.py         2      0 100.00%
src/equivariant_linear_attention/kernels/local.py          104      3  97.12%   131, 171, 218
src/equivariant_linear_attention/kernels/triton.py         504    223  55.75%   90, 117, 124, 129, 152-174, 192-240, 261-334, 879-905, 912-947, 957-985, 1059-1102, 1115-1135, 1148-1202, 1217-1238, 1248, 1252, 1258, 1278, 1280, 1328, 1501, 1553-1554, 1577, 1583, 1641-1667, 1865-1866, 2106-2107, 2203-2210, 2218, 2225
src/equivariant_linear_attention/migration.py               70      9  87.14%   43, 45, 55, 101, 103, 105, 108, 110, 174
src/equivariant_linear_attention/model/__init__.py           0      0 100.00%
src/equivariant_linear_attention/model/ela.py              397     68  82.87%   45, 47, 53, 82, 84, 86, 91, 95, 142, 144, 146, 150, 152, 195, 199, 209, 219, 223, 227, 231, 235, 262, 266, 475, 510, 535, 537, 539, 541, 544, 561-562, 579-580, 606, 625, 629, 631, 642, 647, 650, 655, 669, 680, 685, 699, 709, 723, 725, 727, 729, 744, 787, 817-825, 844-858, 940-949, 990
src/equivariant_linear_attention/model/runtime.py          150     25  83.33%   20, 22, 28, 30, 36, 39, 45, 48, 91, 93, 98, 117, 200, 245, 247, 249, 251, 258-261, 304, 318-319, 350
src/equivariant_linear_attention/model/stack.py            243     18  92.59%   34, 37, 62, 65, 276, 581-583, 597-599, 614-621, 729
src/equivariant_linear_attention/nn/__init__.py              0      0 100.00%
src/equivariant_linear_attention/nn/core.py                318     36  88.68%   188, 243-274, 622, 666, 699, 948-1042, 1084
src/equivariant_linear_attention/nn/heads.py               117     19  83.76%   204, 210, 212, 214, 256, 258, 262, 264, 277, 279, 295, 297, 299, 301, 303, 306, 327, 331, 333
src/equivariant_linear_attention/nn/layers.py              241     14  94.19%   124, 146, 148, 156-158, 298, 300, 333, 336, 526, 653-655
src/equivariant_linear_attention/nn/multipoles.py          196      3  98.47%   208, 210, 278
src/equivariant_linear_attention/nn/parity.py              504     63  87.50%   151, 253, 257, 270-294, 298, 301, 322-325, 448, 474, 583, 940, 947, 989, 1028, 1030, 1037, 1103-1107, 1123-1133, 1150, 1154, 1156, 1158, 1163, 1166, 1177, 1187-1188, 1192, 1199, 1201
src/equivariant_linear_attention/nn/pooling.py              87     10  88.51%   164, 168, 170, 172, 176, 178, 188, 204, 208, 210
src/equivariant_linear_attention/physics.py                 55     10  81.82%   34, 40, 56, 58, 63, 102, 104, 106, 112, 116
---------------------------------------------------------------------------------------
TOTAL                                                     5808   1011  82.59%
Required test coverage of 80.01% reached. Total coverage: 82.59%
363 passed, 28 skipped, 14 warnings in 16.67s
ml_smoke: ok (cpu, dtype=torch.float64)
check fast: ok
